{
  "Id": 1,
  "Name": "Org Name",
  "_links": null
}