No resource linker found for System.Collections.Generic.List<HalWebApi.HalResource>